asuhda
asuhda
asuhda
asuhda
asuhda
asuhda
asuhda
asuhda
asuhda
asuhda
asuhda
asuhda
asuhda
asuhda
asuhda
asuhda
asuhda
asuhda
asuhda
asuhda
asuhda
asuhda
asuhda
asuhda
asuhda
asuhda
asuhda
asuhda
asuhda
asuhda
asuhda
asuhda
asuhda
asuhda
asuhda
asuhda
asuhda
asuhda
asuhda
asuhda
asuhda
asuhda
asuhda
asuhda
asuhda
asuhda
asuhda
asuhda
asuhda
asuhda
asuhda
asuhda
asuhda
asuhda
asuhda
asuhda
asuhda
asuhda
asuhda
asuhda
asuhda
asuhda
asuhda
asuhda
asuhda
asuhda
asuhda
asuhda
asuhda
asuhda
asuhda
asuhda
asuhda
asuhda
asuhda
asuhda
asuhda
asuhda
asuhda
asuhda
asuhda
asuhda
asuhda
asuhda
asuhda
asuhda
asuhda
asuhda
asuhda
asuhda
asuhda
asuhda
asuhda
asuhda
asuhda
asuhda
asuhda
asuhda
asuhda
asuhda
asuhda
asuhda
asuhda
asuhda
asuhda
asuhda
asuhda
asuhda
asuhda
asuhda
asuhda
asuhda
asuhda
asuhda
asuhda
asuhda
asuhda
asuhda
asuhda
asuhda
asuhda
asuhda
asuhda
asuhda
asuhda
asuhda
asuhda
asuhda
asuhda
asuhda
asuhda
asuhda
asuhda
asuhda
asuhda
asuhda
asuhda
asuhda
asuhda
asuhda
asuhda
asuhda
asuhda
asuhda
asuhda
asuhda
asuhda
asuhda
asuhda
asuhda
asuhda
asuhda
asuhda
asuhda
asuhda
asuhda
asuhda
asuhda
asuhda
asuhda
asuhda
asuhda
asuhda
asuhda
asuhda
asuhda
asuhda
asuhda
asuhda
asuhda
asuhda
asuhda
asuhda
asuhda
asuhda
asuhda
asuhda
asuhda
asuhda
asuhda
asuhda
asuhda
asuhda
asuhda
asuhda
asuhda
asuhda
asuhda
asuhda
asuhda
asuhda
asuhda
asuhda
asuhda
asuhda
asuhda
asuhda
asuhda
asuhda
asuhda
asuhda
asuhda
asuhda
asuhda
asuhda
asuhda
asuhda
asuhda
asuhda
asuhda
asuhda
asuhda
asuhda
asuhda
asuhda
asuhda
asuhda
asuhda
asuhda
asuhda
asuhda
asuhda
asuhda
asuhda
asuhda
asuhda
asuhda
asuhda
asuhda
asuhda
asuhda
asuhda
asuhda
asuhda
asuhda
asuhda
asuhda
asuhda
asuhda
asuhda
asuhda
asuhda
asuhda
asuhda
asuhda
asuhda
asuhda
asuhda
asuhda
asuhda
asuhda
asuhda
asuhda
asuhda
asuhda
asuhda
asuhda
asuhda
asuhda
asuhda
asuhda
asuhda
asuhda
asuhda
asuhda
asuhda
asuhda
asuhda
asuhda
asuhda
asuhda
asuhda
asuhda
asuhda
asuhda
asuhda
asuhda
asuhda
asuhda
asuhda
asuhda
asuhda
asuhda
asuhda
asuhda
asuhda
asuhda
asuhda
asuhda
asuhda
asuhda
asuhda
asuhda
asuhda
asuhda
asuhda
asuhda
asuhda
asuhda
asuhda
asuhda
asuhda
asuhda
asuhda
asuhda
asuhda
asuhda
asuhda
asuhda
asuhda
asuhda
asuhda
asuhda
asuhda
asuhda
asuhda
asuhda
asuhda
asuhda
asuhda
asuhda
asuhda
asuhda
asuhda
asuhda
asuhda
asuhda
asuhda
asuhda
asuhda
asuhda
asuhda
asuhda
asuhda
asuhda
asuhda
asuhda
asuhda
asuhda
asuhda
asuhda
asuhda
asuhda
asuhda
asuhda
asuhda
asuhda
asuhda
asuhda
asuhda
asuhda
asuhda
asuhda
asuhda
asuhda
asuhda
asuhda
asuhda
asuhda
asuhda
asuhda
asuhda
asuhda
asuhda
asuhda
asuhda
asuhda
asuhda
asuhda
asuhda
asuhda
asuhda
asuhda
asuhda
asuhda
asuhda
asuhda
asuhda
asuhda
asuhda
asuhda
asuhda
asuhda
asuhda
asuhda
asuhda
asuhda
asuhda
asuhda
asuhda
asuhda
asuhda
asuhda
asuhda
asuhda
asuhda
asuhda
asuhda
asuhda
asuhda
asuhda
asuhda
asuhda
asuhda
asuhda
asuhda
asuhda
asuhda
asuhda
asuhda
asuhda
asuhda
asuhda
asuhda
asuhda
asuhda
asuhda
asuhda
asuhda
asuhda
asuhda
asuhda
asuhda
asuhda
asuhda
asuhda
asuhda
asuhda
asuhda
