Output file: /home/student/Documents/hackatonso/hackaton-so/checker/output/out-lQ8JIU
