Output file: /home/student/Documents/hackatonso/hackaton-so/checker/output/out-5HT0IS
