Output file: /home/student/Documents/hackatonso/hackaton-so/checker/output/out-7x9ibR
