Output file: /home/student/Documents/hackatonso/hackaton-so/checker/output/out-8PH8mS
