Output file: /home/student/Documents/hackatonso/hackaton-so/checker/output/out-h4e21T
