Output file: /home/student/Documents/hackatonso/hackaton-so/checker/output/out-t1Y7nR
