Output file: /home/student/Documents/hackatonso/hackaton-so/checker/output/out-jl4P9S
