Output file: /home/student/Documents/hackatonso/hackaton-so/checker/output/out-LIcE6S
