Output file: /home/student/Documents/hackatonso/hackaton-so/checker/output/out-o4Ww5R
