Output file: /home/student/Documents/hackatonso/hackaton-so/checker/output/out-XG1wLS
