Output file: /home/student/Documents/hackatonso/hackaton-so/checker/output/out-NVp3rR
