Output file: /home/student/Documents/hackatonso/hackaton-so/checker/output/out-z7Ep7T
