Output file: /home/student/Documents/hackatonso/hackaton-so/checker/output/out-5PfT0S
