Output file: /home/student/Documents/hackatonso/hackaton-so/checker/output/out-Wrdk0Q
