Output file: /home/student/Documents/hackatonso/hackaton-so/checker/output/out-lj9fXR
