Output file: /home/student/Documents/hackatonso/hackaton-so/checker/output/out-ABao0U
