Output file: /home/student/Documents/hackatonso/hackaton-so/checker/output/out-vXu7YT
