Output file: /home/student/Documents/hackatonso/hackaton-so/checker/output/out-wU6R4T
