Output file: /home/student/Documents/hackatonso/hackaton-so/checker/output/out-zh1S4T
