Output file: /home/student/Documents/hackatonso/hackaton-so/checker/output/out-85ja2T
