Output file: /home/student/Documents/hackatonso/hackaton-so/checker/output/out-nn5n3T
