Output file: /home/student/Documents/hackatonso/hackaton-so/checker/output/out-1m9SUR
