Output file: /home/student/Documents/hackatonso/hackaton-so/checker/output/out-H45DUR
